> Task :app:checkKotlinGradlePluginConfigurationErrors SKIPPED
> Task :app:preBuild UP-TO-DATE
> Task :app:preDebugBuild UP-TO-DATE
> Task :app:dataBindingMergeDependencyArtifactsDebug
> Task :app:generateDebugResValues
> Task :app:generateDebugResources
> Task :app:processDebugGoogleServices
> Task :core-common:preBuild UP-TO-DATE
> Task :core-common:preDebugBuild UP-TO-DATE
> Task :core-common:generateDebugResValues UP-TO-DATE
> Task :core-common:generateDebugResources UP-TO-DATE
> Task :core-common:packageDebugResources UP-TO-DATE
> Task :data:preBuild UP-TO-DATE
> Task :data:preDebugBuild UP-TO-DATE
> Task :data:generateDebugResValues UP-TO-DATE
> Task :data:generateDebugResources UP-TO-DATE
> Task :data:packageDebugResources UP-TO-DATE
> Task :domain:preBuild UP-TO-DATE
> Task :domain:preDebugBuild UP-TO-DATE
> Task :domain:generateDebugResValues UP-TO-DATE
> Task :domain:generateDebugResources UP-TO-DATE
> Task :domain:packageDebugResources UP-TO-DATE
> Task :app:mergeDebugResources
> Task :app:packageDebugResources
> Task :core-common:parseDebugLocalResources UP-TO-DATE
> Task :core-common:generateDebugRFile UP-TO-DATE
> Task :data:parseDebugLocalResources UP-TO-DATE
> Task :data:generateDebugRFile UP-TO-DATE
> Task :domain:parseDebugLocalResources UP-TO-DATE
> Task :domain:generateDebugRFile UP-TO-DATE
> Task :data:writeDebugAarMetadata UP-TO-DATE
> Task :core-common:writeDebugAarMetadata
> Task :domain:writeDebugAarMetadata UP-TO-DATE
> Task :app:mapDebugSourceSetPaths
> Task :app:createDebugCompatibleScreenManifests
> Task :app:extractDeepLinksDebug
> Task :app:parseDebugLocalResources
> Task :core-common:extractDeepLinksDebug
> Task :app:checkDebugAarMetadata
> Task :app:dataBindingGenBaseClassesDebug
> Task :data:extractDeepLinksDebug
> Task :data:processDebugManifest UP-TO-DATE
> Task :core-common:processDebugManifest
> Task :domain:extractDeepLinksDebug
> Task :domain:processDebugManifest UP-TO-DATE
> Task :app:processDebugMainManifest
> Task :app:processDebugManifest
> Task :core-common:compileDebugLibraryResources
> Task :data:compileDebugLibraryResources
> Task :core-common:checkKotlinGradlePluginConfigurationErrors SKIPPED
> Task :domain:compileDebugLibraryResources
> Task :core-common:compileDebugKotlin UP-TO-DATE
> Task :core-common:javaPreCompileDebug UP-TO-DATE
> Task :core-common:compileDebugJavaWithJavac NO-SOURCE
> Task :core-common:bundleLibCompileToJarDebug UP-TO-DATE
> Task :core-common:bundleLibRuntimeToJarDebug UP-TO-DATE
> Task :data:checkKotlinGradlePluginConfigurationErrors SKIPPED
> Task :data:generateDebugBuildConfig UP-TO-DATE
> Task :app:processDebugManifestForPackage
> Task :domain:checkKotlinGradlePluginConfigurationErrors SKIPPED
> Task :domain:javaPreCompileDebug UP-TO-DATE
> Task :data:javaPreCompileDebug UP-TO-DATE

> Task :domain:compileDebugKotlin FAILED
./gradlew : e: file:///C:/Users/joaov/OneDrive/Doc
umentos/projetos/tecnoaging/equilibrium-mobile/dom
ain/src/main/java/com/ufpr/equilibrium/domain/usec
ase/patient/CreatePatientUseCase.kt:6:14 
Unresolved reference 'inject'.
No linha:1 caractere:1
+ ./gradlew :app:compileDebugKotlin 2>&1 | 
Out-File -FilePath "build_er ...
+ ~~~~~~~~~~~~~~~~~~~~~~~~~~~~~~~~~~~~~~
    + CategoryInfo          : NotSpecified: (e: f 
   ile:///C:/U...rence 'inject'.:String) [], Rem  
  oteException
    + FullyQualifiedErrorId : NativeCommandError
 
e: file:///C:/Users/joaov/OneDrive/Documentos/proj
etos/tecnoaging/equilibrium-mobile/domain/src/main
/java/com/ufpr/equilibrium/domain/usecase/patient/
CreatePatientUseCase.kt:11:29 Unresolved 
reference 'Inject'.
e: file:///C:/Users/joaov/OneDrive/Documentos/proj
etos/tecnoaging/equilibrium-mobile/domain/src/main
/java/com/ufpr/equilibrium/domain/usecase/patient/
GetPatientByCpfUseCase.kt:6:14 Unresolved 
reference 'inject'.
e: file:///C:/Users/joaov/OneDrive/Documentos/proj
etos/tecnoaging/equilibrium-mobile/domain/src/main
/java/com/ufpr/equilibrium/domain/usecase/patient/
GetPatientByCpfUseCase.kt:11:31 Unresolved 
reference 'Inject'.
e: file:///C:/Users/joaov/OneDrive/Documentos/proj
etos/tecnoaging/equilibrium-mobile/domain/src/main
/java/com/ufpr/equilibrium/domain/usecase/patient/
GetPatientsUseCase.kt:6:14 Unresolved reference 
'inject'.
e: file:///C:/Users/joaov/OneDrive/Documentos/proj
etos/tecnoaging/equilibrium-mobile/domain/src/main
/java/com/ufpr/equilibrium/domain/usecase/patient/
GetPatientsUseCase.kt:11:27 Unresolved reference 
'Inject'.
e: file:///C:/Users/joaov/OneDrive/Documentos/proj
etos/tecnoaging/equilibrium-mobile/domain/src/main
/java/com/ufpr/equilibrium/domain/usecase/question
naire/CalculateGroupScoreUseCase.kt:7:14 
Unresolved reference 'inject'.
e: file:///C:/Users/joaov/OneDrive/Documentos/proj
etos/tecnoaging/equilibrium-mobile/domain/src/main
/java/com/ufpr/equilibrium/domain/usecase/question
naire/CalculateGroupScoreUseCase.kt:12:35 
Unresolved reference 'Inject'.
e: file:///C:/Users/joaov/OneDrive/Documentos/proj
etos/tecnoaging/equilibrium-mobile/domain/src/main
/java/com/ufpr/equilibrium/domain/usecase/question
naire/CalculateTotalScoreUseCase.kt:6:14 
Unresolved reference 'inject'.
e: file:///C:/Users/joaov/OneDrive/Documentos/proj
etos/tecnoaging/equilibrium-mobile/domain/src/main
/java/com/ufpr/equilibrium/domain/usecase/question
naire/CalculateTotalScoreUseCase.kt:14:35 
Unresolved reference 'Inject'.
e: file:///C:/Users/joaov/OneDrive/Documentos/proj
etos/tecnoaging/equilibrium-mobile/domain/src/main
/java/com/ufpr/equilibrium/domain/usecase/question
naire/InterpretScoreUseCase.kt:5:14 Unresolved 
reference 'inject'.
e: file:///C:/Users/joaov/OneDrive/Documentos/proj
etos/tecnoaging/equilibrium-mobile/domain/src/main
/java/com/ufpr/equilibrium/domain/usecase/question
naire/InterpretScoreUseCase.kt:10:30 Unresolved 
reference 'Inject'.
e: file:///C:/Users/joaov/OneDrive/Documentos/proj
etos/tecnoaging/equilibrium-mobile/domain/src/main
/java/com/ufpr/equilibrium/domain/usecase/question
naire/LoadQuestionsUseCase.kt:6:14 Unresolved 
reference 'inject'.
e: file:///C:/Users/joaov/OneDrive/Documentos/proj
etos/tecnoaging/equilibrium-mobile/domain/src/main
/java/com/ufpr/equilibrium/domain/usecase/question
naire/LoadQuestionsUseCase.kt:11:29 Unresolved 
reference 'Inject'.
e: file:///C:/Users/joaov/OneDrive/Documentos/proj
etos/tecnoaging/equilibrium-mobile/domain/src/main
/java/com/ufpr/equilibrium/domain/usecase/question
naire/SaveAnswerUseCase.kt:6:14 Unresolved 
reference 'inject'.
e: file:///C:/Users/joaov/OneDrive/Documentos/proj
etos/tecnoaging/equilibrium-mobile/domain/src/main
/java/com/ufpr/equilibrium/domain/usecase/question
naire/SaveAnswerUseCase.kt:11:26 Unresolved 
reference 'Inject'.
e: file:///C:/Users/joaov/OneDrive/Documentos/proj
etos/tecnoaging/equilibrium-mobile/domain/src/main
/java/com/ufpr/equilibrium/domain/usecase/question
naire/ValidateCompletionUseCase.kt:6:14 
Unresolved reference 'inject'.
e: file:///C:/Users/joaov/OneDrive/Documentos/proj
etos/tecnoaging/equilibrium-mobile/domain/src/main
/java/com/ufpr/equilibrium/domain/usecase/question
naire/ValidateCompletionUseCase.kt:11:34 
Unresolved reference 'Inject'.
e: file:///C:/Users/joaov/OneDrive/Documentos/proj
etos/tecnoaging/equilibrium-mobile/domain/src/main
/java/com/ufpr/equilibrium/domain/usecase/validati
on/ValidateBirthDateUseCase.kt:6:14 Unresolved 
reference 'inject'.
e: file:///C:/Users/joaov/OneDrive/Documentos/proj
etos/tecnoaging/equilibrium-mobile/domain/src/main
/java/com/ufpr/equilibrium/domain/usecase/validati
on/ValidateBirthDateUseCase.kt:11:33 Unresolved 
reference 'Inject'.
e: file:///C:/Users/joaov/OneDrive/Documentos/proj
etos/tecnoaging/equilibrium-mobile/domain/src/main
/java/com/ufpr/equilibrium/domain/usecase/validati
on/ValidateCpfUseCase.kt:4:14 Unresolved 
reference 'inject'.
e: file:///C:/Users/joaov/OneDrive/Documentos/proj
etos/tecnoaging/equilibrium-mobile/domain/src/main
/java/com/ufpr/equilibrium/domain/usecase/validati
on/ValidateCpfUseCase.kt:9:27 Unresolved 
reference 'Inject'.

> Task :app:processDebugResources

FAILURE: Build failed with an exception.

* What went wrong:
Execution failed for task 
':domain:compileDebugKotlin'.
> A failure occurred while executing org.jetbrains
.kotlin.compilerRunner.GradleCompilerRunnerWithWor
kers$GradleKotlinCompilerWorkAction
   > Compilation error. See log for more details

* Try:
> Run with --stacktrace option to get the stack 
trace.
> Run with --info or --debug option to get more 
log output.
> Run with --scan to get full insights.
> Get more help at https://help.gradle.org.

BUILD FAILED in 10s
51 actionable tasks: 25 executed, 26 up-to-date
